// Jest Snapshot v1, https://goo.gl/fbAQLP

exports[`should return correct minified sibling tabindex styles for component: p-tabs-bar 1`] = `
{
  "@global": {
    "p-tabs-bar": {
      "& ~ [tabindex="0"][role="tabpanel"]": {
        "&::-moz-focus-inner": {
          "border": "0 !important",
        },
        "&:focus": {
          "outline": "0 !important",
        },
        "&:focus-visible": {
          "outline": "2px solid #1A44EA !important",
          "outlineOffset": "2px !important",
        },
        "borderRadius": "1px !important",
      },
    },
  },
}
`;
