// Jest Snapshot v1, https://goo.gl/fbAQLP

exports[`should return correct minified slotted image styles for component: p-table 1`] = `
{
  "@global": {
    ":is(p-table) img": {
      "verticalAlign": "middle !important",
    },
  },
}
`;
