// Vitest Snapshot v1, https://vitest.dev/guide/snapshot.html

exports[`should match compiled styles with jss (styles package) 1`] = `
".test {
  border-radius: 4px;
  margin-left: -2px;
  margin-right: -2px;
  padding-left: 2px;
  padding-right: 2px;
  transition: background var(--p-transition-duration, 0.25s) cubic-bezier(0.25,0.1,0.25,1);
}
.test:focus {
  outline: 2px solid #1A44EA;
  outline-offset: 2px;
}
.test:focus:not(:focus-visible) {
  outline-color: transparent;
}
@media (hover:hover) {
  .test:hover {
    background: rgba(148, 149, 152, .18);
  }
}
"
`;

exports[`should match compiled styles with vanilla-extract (styles/vanilla-extract package) 1`] = `
".test {
  border-radius: 4px;
  margin-left: -2px;
  margin-right: -2px;
  padding-left: 2px;
  padding-right: 2px;
  transition: background var(--p-transition-duration, 0.25s) cubic-bezier(0.25,0.1,0.25,1);
}
.test:focus {
  outline: 2px solid #1A44EA;
  outline-offset: 2px;
}
.test:focus:not(:focus-visible) {
  outline-color: transparent;
}
@media (hover:hover) {
  .test:hover {
    background: rgba(148, 149, 152, .18);
  }
}"
`;
