// Jest Snapshot v1, https://goo.gl/fbAQLP

exports[`accessibility should expose correct initial accessibility tree properties 1`] = `
{
  "children": [
    {
      "children": [
        {
          "children": [
            {
              "children": [
                {
                  "children": [
                    {
                      "role": "none",
                    },
                  ],
                  "role": "none",
                },
                {
                  "children": [
                    {
                      "children": [
                        {
                          "name": "Heart icon",
                          "role": "StaticText",
                        },
                      ],
                      "role": "none",
                    },
                  ],
                  "role": "none",
                },
              ],
              "name": "Heart icon",
              "role": "button",
            },
          ],
          "name": "",
          "role": "generic",
        },
      ],
      "role": "none",
    },
    {
      "children": [
        {
          "role": "none",
        },
      ],
      "name": "",
      "role": "generic",
    },
    {
      "children": [
        {
          "children": [
            {
              "name": "Some product name",
              "role": "StaticText",
            },
          ],
          "level": 3,
          "name": "Some product name",
          "role": "heading",
        },
        {
          "children": [
            {
              "name": "1.199,00 €",
              "role": "StaticText",
            },
          ],
          "name": "",
          "role": "paragraph",
        },
        {
          "role": "none",
        },
      ],
      "role": "none",
    },
    {
      "description": "Heart icon",
      "name": "Some product name 1.199,00 €",
      "role": "link",
    },
  ],
  "name": "",
  "role": "generic",
}
`;
