// Jest Snapshot v1, https://goo.gl/fbAQLP

exports[`accessibility should expose correct accessibility tree properties 1`] = `
{
  "children": [
    {
      "name": "Some message",
      "role": "StaticText",
    },
  ],
  "name": "",
  "role": "status",
}
`;
